batch_then_drain 2048 23
I        586         0
I        873         1
I       1686         2
I          3         3
I       1550         4
I         89         5
I        724         6
I       1783         7
I         52         8
I         17         9
I        204        10
I         64        11
I        897        12
I       1020        13
I         83        14
I        459        15
I        233        16
I        769        17
I       1376        18
I        733        19
I       2042        20
I       1924        21
I       1503        22
I       1424        23
I       1887        24
I       1615        25
I        441        26
I       1027        27
I       1579        28
I         75        29
I       1252        30
I       1006        31
I        409        32
I        148        33
I        181        34
I       1326        35
I       1309        36
I        389        37
I       1096        38
I       1052        39
I        257        40
I        733        41
I       1393        42
I        729        43
I       1443        44
I       2038        45
I        276        46
I       1923        47
I         24        48
I        780        49
I       1249        50
I       1050        51
I       1190        52
I        253        53
I          5        54
I        651        55
I       1640        56
I       1902        57
I        724        58
I         19        59
I       1155        60
I       1182        61
I         75        62
I        374        63
I       1296        64
I        445        65
I        488        66
I       1066        67
I       1751        68
I        470        69
I       1681        70
I       1636        71
I       1215        72
I        987        73
I       1436        74
I       1447        75
I        225        76
I        762        77
I        415        78
I        834        79
I       1713        80
I       1107        81
I       1233        82
I       1723        83
I        314        84
I        941        85
I        844        86
I       1935        87
I       1003        88
I        866        89
I       1972        90
I        537        91
I       1500        92
I       1552        93
I       1463        94
I        535        95
I        856        96
I       1877        97
I        713        98
I        878        99
I        779       100
I       1094       101
I        768       102
I        379       103
I        511       104
I        787       105
I         20       106
I       1815       107
I        488       108
I        436       109
I       1392       110
I         14       111
I        324       112
I       1337       113
I       1516       114
I       1762       115
I       1364       116
I        189       117
I       1691       118
I       1970       119
I       1533       120
I        216       121
I        345       122
I        326       123
I       1795       124
I       1754       125
I       1655       126
I        481       127
I        324       128
I       1524       129
I       2042       130
I       1030       131
I         52       132
I       1899       133
I        351       134
I       1102       135
I        533       136
I        360       137
I        995       138
I       1135       139
I        949       140
I       2024       141
I       1676       142
I        979       143
I        566       144
I        339       145
I       1401       146
I       1986       147
I       1324       148
I       1448       149
I       1744       150
I       1144       151
I        243       152
I       1154       153
I       1011       154
I        817       155
I        539       156
I        253       157
I        497       158
I        107       159
I       2041       160
I        403       161
I       2041       162
I        530       163
I       1347       164
I        829       165
I        668       166
I        945       167
I       1690       168
I        473       169
I         75       170
I       1399       171
I       2023       172
I       1539       173
I       1314       174
I       1302       175
I       1432       176
I       1197       177
I       1258       178
I         21       179
I        736       180
I        699       181
I       2029       182
I        681       183
I       1934       184
I        228       185
I       1649       186
I        896       187
I        733       188
I        546       189
I       1955       190
I       1785       191
I        879       192
I       1213       193
I       1416       194
I        706       195
I       1711       196
I        516       197
I        113       198
I        306       199
I        646       200
I        387       201
I        693       202
I       1135       203
I        931       204
I        564       205
I        163       206
I        389       207
I        882       208
I        393       209
I       1918       210
I        732       211
I        743       212
I        229       213
I       1399       214
I        704       215
I        147       216
I        213       217
I       1704       218
I        882       219
I         93       220
I       1769       221
I         81       222
I        663       223
I        458       224
I       1959       225
I       1797       226
I        856       227
I       1177       228
I        891       229
I        694       230
I        283       231
I        315       232
I       1362       233
I        563       234
I       1934       235
I        403       236
I        385       237
I        283       238
I        254       239
I       1849       240
I        698       241
I        528       242
I       1307       243
I         17       244
I        695       245
I         97       246
I       1083       247
I       1518       248
I       1147       249
I        139       250
I       2033       251
I        140       252
I       2046       253
I       1896       254
I       1994       255
I        790       256
I       1654       257
I        194       258
I        790       259
I        283       260
I        468       261
I       1353       262
I        347       263
I        962       264
I       1141       265
I       1374       266
I       1516       267
I       1415       268
I        165       269
I        600       270
I        855       271
I        202       272
I       1197       273
I        897       274
I        331       275
I       1288       276
I       1015       277
I         62       278
I       1078       279
I        628       280
I        790       281
I        726       282
I        946       283
I          6       284
I        676       285
I       1490       286
I        160       287
I        739       288
I        176       289
I        806       290
I       1112       291
I       1793       292
I       1940       293
I       1459       294
I        191       295
I        656       296
I       1690       297
I        323       298
I        441       299
I        770       300
I       1936       301
I       1821       302
I        632       303
I        480       304
I       1980       305
I       1283       306
I       1978       307
I        933       308
I        399       309
I       1348       310
I       1746       311
I        114       312
I        721       313
I        269       314
I        364       315
I       1513       316
I        544       317
I        419       318
I       1041       319
I         86       320
I       1734       321
I        237       322
I        551       323
I       1559       324
I        702       325
I        649       326
I       1652       327
I        515       328
I        640       329
I       1180       330
I       1111       331
I       1639       332
I         97       333
I       1997       334
I       1313       335
I       1491       336
I       1316       337
I       1686       338
I       1301       339
I        967       340
I        681       341
I        570       342
I       1060       343
I        470       344
I        848       345
I        750       346
I        770       347
I        355       348
I        561       349
I        551       350
I        160       351
I        104       352
I        469       353
I       1876       354
I        405       355
I       1967       356
I        508       357
I       1847       358
I         90       359
I        110       360
I        839       361
I       1074       362
I        932       363
I        511       364
I       1489       365
I       1236       366
I       1075       367
I       1064       368
I        275       369
I       1444       370
I        922       371
I       2022       372
I        156       373
I        614       374
I        947       375
I        449       376
I         84       377
I       2028       378
I       1837       379
I        175       380
I       1296       381
I       1344       382
I       1301       383
I        434       384
I       1582       385
I       1806       386
I        142       387
I        405       388
I        774       389
I       2029       390
I       1370       391
I        492       392
I        727       393
I       1739       394
I        434       395
I       2032       396
I        325       397
I       1976       398
I       1913       399
I       1945       400
I       1149       401
I        371       402
I         74       403
I       1014       404
I       1671       405
I        996       406
I       1197       407
I       1800       408
I       1562       409
I       2023       410
I       1244       411
I       2046       412
I        420       413
I       1166       414
I       1918       415
I       2008       416
I       1952       417
I        350       418
I       1723       419
I        249       420
I        131       421
I       1806       422
I        198       423
I        938       424
I        670       425
I        168       426
I        824       427
I       1547       428
I       1811       429
I        840       430
I        177       431
I        301       432
I        442       433
I        800       434
I       1915       435
I       1229       436
I        884       437
I        588       438
I       1744       439
I       2028       440
I       1611       441
I        546       442
I        144       443
I        454       444
I       1286       445
I         37       446
I        733       447
I        794       448
I        147       449
I       1200       450
I       1871       451
I        468       452
I        962       453
I       1402       454
I       1042       455
I       1231       456
I        407       457
I        465       458
I       1088       459
I        371       460
I        883       461
I        646       462
I        448       463
I        422       464
I       1589       465
I        118       466
I        699       467
I       2041       468
I        148       469
I        240       470
I       1926       471
I       1200       472
I       2043       473
I        607       474
I        236       475
I       1271       476
I       1972       477
I       1621       478
I       1088       479
I        492       480
I        217       481
I        976       482
I         62       483
I       1866       484
I         16       485
I       1768       486
I        489       487
I       1426       488
I       1353       489
I       1575       490
I        228       491
I       1115       492
I        968       493
I        298       494
I         55       495
I       1037       496
I       1971       497
I        116       498
I        763       499
I        996       500
I       1231       501
I       2026       502
I       1262       503
I        251       504
I        123       505
I       2046       506
I        118       507
I        113       508
I       1055       509
I       1240       510
I        259       511
I       1417       512
I       1567       513
I       1319       514
I        481       515
I        863       516
I       1248       517
I       1358       518
I       1640       519
I        666       520
I        676       521
I       1599       522
I       1290       523
I       1971       524
I       1281       525
I       1222       526
I       1133       527
I       1626       528
I        986       529
I        990       530
I       1300       531
I        404       532
I       1038       533
I        136       534
I        431       535
I        631       536
I       1338       537
I        207       538
I        664       539
I         79       540
I       1897       541
I        976       542
I        300       543
I       1459       544
I       1570       545
I       1462       546
I       1688       547
I       1926       548
I       1770       549
I       1724       550
I       1417       551
I       1278       552
I        313       553
I        542       554
I        456       555
I        121       556
I        442       557
I       1092       558
I        322       559
I        977       560
I       1888       561
I        504       562
I        311       563
I       1134       564
I       2021       565
I        537       566
I       1267       567
I       1385       568
I        403       569
I       1049       570
I        570       571
I        673       572
I        951       573
I       1210       574
I       1195       575
I       1126       576
I        269       577
I       1739       578
I       1988       579
I        319       580
I        584       581
I         66       582
I       2037       583
I        818       584
I        879       585
I       1184       586
I       1765       587
I       1412       588
I         77       589
I        389       590
I       1070       591
I       1087       592
I        115       593
I        944       594
I       1896       595
I       1212       596
I       1029       597
I       1169       598
I         68       599
I       1081       600
I       1655       601
I       1730       602
I       1575       603
I        337       604
I        986       605
I        685       606
I       1882       607
I       1233       608
I        668       609
I        831       610
I        804       611
I       1199       612
I       1299       613
I       1393       614
I       1641       615
I       1091       616
I        872       617
I       1103       618
I        172       619
I       1079       620
I        556       621
I        562       622
I       1202       623
I       1752       624
I       1237       625
I       1883       626
I        305       627
I       1801       628
I       1634       629
I        462       630
I        577       631
I       1000       632
I       1717       633
I       1730       634
I        824       635
I       1671       636
I       1344       637
I       1304       638
I       1866       639
I       1995       640
I       1866       641
I       1562       642
I        683       643
I       1232       644
I        781       645
I         95       646
I       1735       647
I       1383       648
I        917       649
I        181       650
I       1929       651
I       1309       652
I        415       653
I       1758       654
I       1780       655
I        418       656
I        953       657
I       1528       658
I       1675       659
I        336       660
I       1721       661
I       2016       662
I       1116       663
I       1090       664
I       2003       665
I        708       666
I       2041       667
I        762       668
I       1688       669
I       2001       670
I       1717       671
I        510       672
I        544       673
I       1320       674
I       1601       675
I        219       676
I       1381       677
I         62       678
I       1864       679
I        782       680
I       1283       681
I        956       682
I       1747       683
I        468       684
I        553       685
I       2016       686
I        667       687
I        248       688
I        749       689
I       1153       690
I        801       691
I       1433       692
I       1832       693
I         98       694
I       1193       695
I         44       696
I       2017       697
I        291       698
I        701       699
I        739       700
I       1053       701
I       1552       702
I       1117       703
I       1281       704
I         52       705
I       1868       706
I        139       707
I        310       708
I        450       709
I        491       710
I       1084       711
I       1179       712
I        120       713
I        799       714
I        308       715
I        566       716
I       1862       717
I        633       718
I        995       719
I        617       720
I        106       721
I        236       722
I        200       723
I        208       724
I        120       725
I        408       726
I        253       727
I       1693       728
I       1564       729
I        165       730
I       1113       731
I        428       732
I        623       733
I        586       734
I        308       735
I        441       736
I       1708       737
I        525       738
I        282       739
I        590       740
I        928       741
I        986       742
I       1996       743
I       1716       744
I        272       745
I        718       746
I       1617       747
I       1667       748
I       1816       749
I       1038       750
I         83       751
I        511       752
I        497       753
I        767       754
I        753       755
I       1207       756
I       1909       757
I        612       758
I       1494       759
I        131       760
I       2031       761
I        708       762
I        840       763
I        249       764
I        789       765
I       1523       766
I       1489       767
I       1097       768
I        952       769
I        978       770
I       1768       771
I        373       772
I        540       773
I       1113       774
I       1954       775
I        525       776
I        689       777
I        703       778
I        253       779
I        189       780
I       1183       781
I        390       782
I       1659       783
I       1235       784
I       1076       785
I       1387       786
I        909       787
I        893       788
I        352       789
I        610       790
I       1385       791
I       1025       792
I       1963       793
I        126       794
I        323       795
I         85       796
I       1317       797
I        222       798
I       1132       799
I       1505       800
I       1307       801
I        738       802
I       1479       803
I        294       804
I       1364       805
I       1960       806
I       1751       807
I        220       808
I        590       809
I       1798       810
I        868       811
I        841       812
I         71       813
I        216       814
I       1708       815
I        207       816
I       1825       817
I       1245       818
I       1583       819
I        964       820
I       1378       821
I        922       822
I         60       823
I       1391       824
I       1186       825
I        309       826
I       1590       827
I        304       828
I        946       829
I       1243       830
I        695       831
I       1072       832
I       1042       833
I        740       834
I       1878       835
I       2023       836
I        402       837
I       1632       838
I       1414       839
I        792       840
I       1520       841
I        321       842
I        644       843
I        284       844
I        741       845
I        109       846
I       1644       847
I        659       848
I        439       849
I       1655       850
I        645       851
I       1430       852
I        888       853
I        774       854
I         21       855
I        825       856
I       1478       857
I        979       858
I       1297       859
I         85       860
I       1158       861
I       1928       862
I       1208       863
I        428       864
I        175       865
I        565       866
I        445       867
I       1725       868
I        212       869
I         98       870
I        996       871
I       1527       872
I        140       873
I       1967       874
I       1305       875
I       1066       876
I       1784       877
I        664       878
I        927       879
I       1264       880
I        869       881
I       1869       882
I       1529       883
I       2006       884
I        279       885
I       2036       886
I       1465       887
I       1124       888
I       1221       889
I       1456       890
I        785       891
I       1105       892
I       1160       893
I       1495       894
I        474       895
I       1306       896
I         74       897
I       1426       898
I       2021       899
I       1448       900
I       1876       901
I        512       902
I       1651       903
I       1136       904
I        539       905
I         24       906
I        435       907
I       1578       908
I       1507       909
I        658       910
I       1622       911
I        285       912
I       1630       913
I       1219       914
I        257       915
I         17       916
I        690       917
I        137       918
I       1961       919
I        376       920
I        321       921
I       1267       922
I        568       923
I        751       924
I       1419       925
I       1021       926
I       1672       927
I       1750       928
I        910       929
I       1312       930
I        563       931
I        893       932
I        954       933
I        554       934
I        302       935
I       1892       936
I        949       937
I        180       938
I        464       939
I        995       940
I        329       941
I        985       942
I       1651       943
I         90       944
I       1318       945
I        700       946
I        614       947
I        916       948
I        641       949
I        410       950
I       1485       951
I       1717       952
I        928       953
I       1377       954
I        188       955
I       1686       956
I        243       957
I       1766       958
I        572       959
I       1045       960
I       1293       961
I       1954       962
I       1973       963
I       1033       964
I       1700       965
I       1376       966
I        150       967
I        792       968
I        660       969
I       1300       970
I       1952       971
I       1415       972
I       1446       973
I       1771       974
I       1896       975
I       1967       976
I       1307       977
I       1020       978
I        964       979
I       1240       980
I       1193       981
I       1787       982
I       1329       983
I       1957       984
I        414       985
I       2034       986
I       1677       987
I       1249       988
I        505       989
I       1528       990
I        698       991
I       1967       992
I        688       993
I       1699       994
I        533       995
I        457       996
I        676       997
I       1282       998
I       1630       999
I        699      1000
I        524      1001
I       1060      1002
I        696      1003
I         57      1004
I        523      1005
I       2040      1006
I        607      1007
I        752      1008
I       1758      1009
I        296      1010
I       1966      1011
I       1133      1012
I       1024      1013
I       2048      1014
I        875      1015
I       1043      1016
I       1923      1017
I        899      1018
I        648      1019
I       1416      1020
I        909      1021
I         48      1022
I       1931      1023
I         40      1024
I       1164      1025
I       1944      1026
I        643      1027
I        244      1028
I       1138      1029
I        375      1030
I          4      1031
I       1948      1032
I       1172      1033
I       1733      1034
I       2027      1035
I        278      1036
I       1028      1037
I        820      1038
I       2001      1039
I        315      1040
I        280      1041
I       1293      1042
I        595      1043
I         29      1044
I        985      1045
I       1460      1046
I        742      1047
I       1151      1048
I        831      1049
I        140      1050
I       1494      1051
I       1328      1052
I       1278      1053
I       1838      1054
I        611      1055
I        147      1056
I        906      1057
I       1266      1058
I       1473      1059
I        374      1060
I        446      1061
I        193      1062
I        511      1063
I        716      1064
I         76      1065
I        382      1066
I       1827      1067
I        136      1068
I        951      1069
I        811      1070
I       1878      1071
I        554      1072
I       1681      1073
I       1499      1074
I       1207      1075
I       1880      1076
I        502      1077
I        916      1078
I       1243      1079
I        514      1080
I        118      1081
I        793      1082
I       1669      1083
I        284      1084
I       1878      1085
I       1933      1086
I       2020      1087
I        567      1088
I       1934      1089
I       1085      1090
I          6      1091
I        349      1092
I       1705      1093
I       1186      1094
I       1220      1095
I        344      1096
I       1830      1097
I       1060      1098
I       1492      1099
I       1261      1100
I         53      1101
I         92      1102
I       2031      1103
I        813      1104
I         84      1105
I        577      1106
I       1031      1107
I        421      1108
I       1417      1109
I        846      1110
I        476      1111
I       1765      1112
I       1041      1113
I       1764      1114
I          8      1115
I       1086      1116
I        372      1117
I       2033      1118
I        444      1119
I        791      1120
I       1117      1121
I       1813      1122
I        444      1123
I       1648      1124
I       1643      1125
I       1415      1126
I        878      1127
I        242      1128
I       1956      1129
I        825      1130
I        327      1131
I        704      1132
I        648      1133
I        726      1134
I       1426      1135
I       1822      1136
I        965      1137
I       2048      1138
I       1926      1139
I        609      1140
I       1185      1141
I       1554      1142
I       1172      1143
I       1777      1144
I       1172      1145
I        265      1146
I        293      1147
I        104      1148
I       1081      1149
I       1979      1150
I        161      1151
I        364      1152
I        193      1153
I        105      1154
I       1200      1155
I       1514      1156
I        786      1157
I       1454      1158
I       2019      1159
I        742      1160
I        351      1161
I        603      1162
I       1565      1163
I        480      1164
I        604      1165
I       2024      1166
I       1289      1167
I        599      1168
I       1500      1169
I        807      1170
I       1117      1171
I       1125      1172
I       1190      1173
I       1750      1174
I        631      1175
I       1374      1176
I        223      1177
I       1839      1178
I        679      1179
I       1135      1180
I        943      1181
I         30      1182
I       1114      1183
I       1588      1184
I       1873      1185
I        626      1186
I         85      1187
I       1644      1188
I       1965      1189
I       1221      1190
I        516      1191
I        882      1192
I         45      1193
I          2      1194
I        490      1195
I        871      1196
I       1646      1197
I       1502      1198
I        375      1199
I        761      1200
I        670      1201
I       1501      1202
I       1960      1203
I       1159      1204
I       1863      1205
I       1761      1206
I        283      1207
I       1877      1208
I       1142      1209
I       1219      1210
I       1590      1211
I        869      1212
I       1231      1213
I       2002      1214
I        402      1215
I       1116      1216
I       1642      1217
I       1091      1218
I         67      1219
I       1040      1220
I       1165      1221
I       1555      1222
I       1700      1223
I       1767      1224
I        967      1225
I        461      1226
I        373      1227
I       1642      1228
I        882      1229
I       1442      1230
I       1337      1231
I        332      1232
I        606      1233
I       1922      1234
I       1823      1235
I        789      1236
I        412      1237
I        433      1238
I        687      1239
I        768      1240
I        432      1241
I       1298      1242
I       1257      1243
I       1541      1244
I        612      1245
I       1375      1246
I       1476      1247
I       1520      1248
I        759      1249
I        320      1250
I       1771      1251
I       1679      1252
I        644      1253
I        485      1254
I        242      1255
I        422      1256
I        744      1257
I        331      1258
I        971      1259
I        395      1260
I       1986      1261
I       1285      1262
I       1546      1263
I        861      1264
I        395      1265
I       1270      1266
I       1910      1267
I        573      1268
I        149      1269
I       1660      1270
I        367      1271
I        351      1272
I       1423      1273
I        599      1274
I       1088      1275
I        529      1276
I       1507      1277
I        654      1278
I        745      1279
I       1350      1280
I       2035      1281
I        418      1282
I       1172      1283
I       1956      1284
I        752      1285
I       1320      1286
I       1979      1287
I        785      1288
I       1887      1289
I       1759      1290
I        101      1291
I        944      1292
I       1921      1293
I        832      1294
I        210      1295
I       1809      1296
I       1041      1297
I        736      1298
I       1487      1299
I        684      1300
I        431      1301
I         24      1302
I        211      1303
I       1836      1304
I        328      1305
I        798      1306
I        596      1307
I       1533      1308
I       1324      1309
I       1730      1310
I        307      1311
I       1525      1312
I        872      1313
I       1406      1314
I        700      1315
I        932      1316
I       1331      1317
I        873      1318
I       1086      1319
I        951      1320
I        292      1321
I       1762      1322
I        315      1323
I        413      1324
I       1791      1325
I        809      1326
I       1111      1327
I       1297      1328
I       1739      1329
I        330      1330
I        759      1331
I       1629      1332
I       1904      1333
I        700      1334
I       1772      1335
I       1257      1336
I        446      1337
I        109      1338
I       1943      1339
I        478      1340
I       1619      1341
I        242      1342
I       1795      1343
I        103      1344
I        396      1345
I       1630      1346
I       1247      1347
I       1074      1348
I        294      1349
I        708      1350
I       1726      1351
I       1367      1352
I       1657      1353
I        688      1354
I        458      1355
I       1761      1356
I       1017      1357
I         66      1358
I       1607      1359
I        146      1360
I         50      1361
I       1873      1362
I        170      1363
I       1953      1364
I        798      1365
I        333      1366
I       1888      1367
I        795      1368
I        482      1369
I       1555      1370
I       1737      1371
I        167      1372
I        147      1373
I        293      1374
I       1747      1375
I       1689      1376
I        863      1377
I        920      1378
I        869      1379
I       1892      1380
I       1728      1381
I       1838      1382
I        775      1383
I        765      1384
I       1024      1385
I        570      1386
I        286      1387
I       1375      1388
I       1562      1389
I       1762      1390
I        227      1391
I       1691      1392
I        359      1393
I        624      1394
I       1137      1395
I       1418      1396
I       1090      1397
I        426      1398
I        686      1399
I       1703      1400
I       2012      1401
I       1468      1402
I        788      1403
I       1332      1404
I        216      1405
I       1375      1406
I        548      1407
I       1418      1408
I        539      1409
I        476      1410
I        912      1411
I       1033      1412
I       1758      1413
I       1457      1414
I       1897      1415
I       1718      1416
I       1697      1417
I       1445      1418
I       1166      1419
I        829      1420
I         73      1421
I        815      1422
I       1437      1423
I       1956      1424
I       1480      1425
I       1282      1426
I       1078      1427
I       1107      1428
I        682      1429
I       1759      1430
I       1731      1431
I       1750      1432
I        622      1433
I       1594      1434
I       1883      1435
I        542      1436
I        538      1437
I       2044      1438
I       1634      1439
I        963      1440
I        547      1441
I        993      1442
I       1188      1443
I       1133      1444
I        570      1445
I        515      1446
I        648      1447
I       2025      1448
I        550      1449
I       1637      1450
I        550      1451
I        618      1452
I       1239      1453
I        846      1454
I        542      1455
I       1063      1456
I        485      1457
I       1796      1458
I       1716      1459
I       1538      1460
I        664      1461
I        339      1462
I        175      1463
I        140      1464
I       1943      1465
I       1322      1466
I       2003      1467
I        488      1468
I       2022      1469
I         29      1470
I       1028      1471
I       1838      1472
I       1210      1473
I       1394      1474
I         21      1475
I        790      1476
I       1341      1477
I       1999      1478
I        801      1479
I        210      1480
I       1260      1481
I        747      1482
I        364      1483
I       1529      1484
I        922      1485
I         75      1486
I        434      1487
I        780      1488
I       1963      1489
I       1215      1490
I        178      1491
I        545      1492
I       2013      1493
I       2016      1494
I        994      1495
I       1361      1496
I        891      1497
I       1313      1498
I       1463      1499
I        627      1500
I        622      1501
I       1019      1502
I       1060      1503
I       1544      1504
I       1415      1505
I       1285      1506
I        911      1507
I        152      1508
I       1766      1509
I       1433      1510
I       1741      1511
I        284      1512
I       1048      1513
I        184      1514
I         58      1515
I        166      1516
I        415      1517
I       1531      1518
I       1108      1519
I        980      1520
I        967      1521
I        579      1522
I        632      1523
I       1739      1524
I       1023      1525
I       1332      1526
I        125      1527
I        905      1528
I       1206      1529
I        273      1530
I        449      1531
I        245      1532
I        562      1533
I       1572      1534
I        269      1535
I        197      1536
I        642      1537
I       1780      1538
I        348      1539
I        796      1540
I        568      1541
I        850      1542
I       1066      1543
I        350      1544
I        753      1545
I        530      1546
I        277      1547
I       1849      1548
I       1500      1549
I        466      1550
I        699      1551
I        367      1552
I        766      1553
I       1336      1554
I        216      1555
I       1068      1556
I       1904      1557
I       1950      1558
I        593      1559
I        262      1560
I       1642      1561
I       1827      1562
I       1358      1563
I       1693      1564
I       1648      1565
I        739      1566
I        161      1567
I       1768      1568
I       1393      1569
I        602      1570
I        784      1571
I       1511      1572
I        915      1573
I       1306      1574
I        279      1575
I         20      1576
I        969      1577
I        773      1578
I        783      1579
I       1475      1580
I         48      1581
I       1015      1582
I       1156      1583
I       1451      1584
I        864      1585
I       1843      1586
I       1907      1587
I        671      1588
I       1614      1589
I        998      1590
I       1616      1591
I       1735      1592
I        233      1593
I       1046      1594
I        228      1595
I        413      1596
I       2000      1597
I       1729      1598
I       1713      1599
I       1755      1600
I        208      1601
I       1861      1602
I       1063      1603
I        232      1604
I        553      1605
I       1429      1606
I       1939      1607
I         38      1608
I       2038      1609
I       1409      1610
I        253      1611
I       2021      1612
I        684      1613
I       1112      1614
I       1872      1615
I       1167      1616
I        619      1617
I        686      1618
I        758      1619
I       1278      1620
I       1234      1621
I       1315      1622
I       1166      1623
I       1593      1624
I       1045      1625
I       1317      1626
I       1163      1627
I       1707      1628
I       1549      1629
I       1470      1630
I       1252      1631
I        596      1632
I        536      1633
I        195      1634
I        166      1635
I        343      1636
I        918      1637
I       1337      1638
I       1070      1639
I       1825      1640
I       1284      1641
I        530      1642
I       1703      1643
I       1580      1644
I       1107      1645
I        525      1646
I        625      1647
I        336      1648
I        435      1649
I        904      1650
I       1786      1651
I        423      1652
I       1941      1653
I        754      1654
I       1905      1655
I       1829      1656
I        268      1657
I        155      1658
I       1880      1659
I       1027      1660
I        975      1661
I       1152      1662
I       1994      1663
I       2000      1664
I         86      1665
I        515      1666
I        623      1667
I        447      1668
I       1146      1669
I        927      1670
I       1910      1671
I       1533      1672
I        588      1673
I       1333      1674
I        945      1675
I       1487      1676
I        649      1677
I         72      1678
I       1812      1679
I        629      1680
I       1619      1681
I        346      1682
I        833      1683
I       1218      1684
I        792      1685
I        645      1686
I        314      1687
I       1265      1688
I       1914      1689
I       1314      1690
I        135      1691
I       1118      1692
I       1082      1693
I         33      1694
I       1765      1695
I        811      1696
I        767      1697
I        385      1698
I       1106      1699
I       2039      1700
I       1093      1701
I        368      1702
I        460      1703
I       1306      1704
I        599      1705
I       2027      1706
I       1916      1707
I       1690      1708
I       1970      1709
I        275      1710
I       1580      1711
I        215      1712
I        807      1713
I       1596      1714
I        956      1715
I        962      1716
I        980      1717
I        292      1718
I        581      1719
I       1614      1720
I        336      1721
I       1596      1722
I        698      1723
I       1076      1724
I        338      1725
I        528      1726
I       1333      1727
I       1387      1728
I       1669      1729
I       1305      1730
I        820      1731
I       1828      1732
I        955      1733
I       2014      1734
I        149      1735
I        592      1736
I       1357      1737
I        112      1738
I       1347      1739
I       1502      1740
I       1658      1741
I        842      1742
I        722      1743
I        935      1744
I        963      1745
I        524      1746
I       2017      1747
I        162      1748
I       1025      1749
I        221      1750
I       1305      1751
I        674      1752
I        751      1753
I        235      1754
I        659      1755
I        720      1756
I        893      1757
I       2013      1758
I        625      1759
I       1762      1760
I       2009      1761
I       1239      1762
I       1088      1763
I       1460      1764
I        923      1765
I       1308      1766
I       1279      1767
I       1419      1768
I        505      1769
I       1136      1770
I       1976      1771
I       1797      1772
I        358      1773
I        762      1774
I          5      1775
I       1666      1776
I       1671      1777
I       1168      1778
I        763      1779
I       1060      1780
I         17      1781
I        781      1782
I       1188      1783
I        736      1784
I        797      1785
I        208      1786
I        840      1787
I         60      1788
I       1239      1789
I       1135      1790
I       1188      1791
I       1584      1792
I        560      1793
I        566      1794
I        618      1795
I       1364      1796
I        205      1797
I       1077      1798
I        958      1799
I       1406      1800
I        533      1801
I        707      1802
I       1329      1803
I        190      1804
I        564      1805
I       1550      1806
I        809      1807
I        602      1808
I        678      1809
I       1254      1810
I        829      1811
I       1673      1812
I       1673      1813
I       1924      1814
I        833      1815
I       1763      1816
I        276      1817
I        175      1818
I        321      1819
I       1728      1820
I        365      1821
I       1270      1822
I       1473      1823
I       1576      1824
I       1693      1825
I        837      1826
I        176      1827
I       1338      1828
I        830      1829
I       1023      1830
I       1119      1831
I        874      1832
I       1306      1833
I        142      1834
I        842      1835
I       1628      1836
I       2020      1837
I       1934      1838
I        740      1839
I        160      1840
I         18      1841
I        649      1842
I       1681      1843
I        383      1844
I       1748      1845
I       1504      1846
I       1551      1847
I       1458      1848
I       1781      1849
I        591      1850
I       1915      1851
I        553      1852
I       1313      1853
I       1699      1854
I        522      1855
I       1203      1856
I        144      1857
I       1426      1858
I       1910      1859
I        972      1860
I         53      1861
I       1532      1862
I       1269      1863
I        634      1864
I       1914      1865
I       1842      1866
I       1902      1867
I       1345      1868
I        298      1869
I       1092      1870
I       1599      1871
I          9      1872
I        611      1873
I        844      1874
I        429      1875
I       1467      1876
I       1607      1877
I       1840      1878
I       1848      1879
I        744      1880
I       1516      1881
I       1164      1882
I       1849      1883
I        521      1884
I        679      1885
I       1992      1886
I        993      1887
I       1612      1888
I        835      1889
I       1569      1890
I        788      1891
I        428      1892
I        815      1893
I       1146      1894
I       1155      1895
I        586      1896
I       1061      1897
I        151      1898
I        955      1899
I        874      1900
I        376      1901
I       1830      1902
I        773      1903
I       1030      1904
I       1139      1905
I        634      1906
I       1769      1907
I       1088      1908
I       1258      1909
I         54      1910
I       1561      1911
I        606      1912
I         46      1913
I       1165      1914
I       1089      1915
I        916      1916
I        841      1917
I        188      1918
I       1183      1919
I        710      1920
I       1807      1921
I         46      1922
I        892      1923
I        262      1924
I       1562      1925
I       1151      1926
I       1909      1927
I       1200      1928
I       1223      1929
I       1748      1930
I       1797      1931
I        708      1932
I       1336      1933
I        242      1934
I        410      1935
I        490      1936
I        462      1937
I       1734      1938
I       1295      1939
I        985      1940
I        334      1941
I        320      1942
I       1221      1943
I        516      1944
I       1124      1945
I       1833      1946
I        880      1947
I        431      1948
I       1212      1949
I        301      1950
I       1324      1951
I       1329      1952
I       1086      1953
I       1011      1954
I       1412      1955
I        818      1956
I        598      1957
I        634      1958
I       1183      1959
I       1034      1960
I        331      1961
I        289      1962
I       1429      1963
I        221      1964
I       1229      1965
I       1334      1966
I        238      1967
I         66      1968
I       1558      1969
I        407      1970
I        879      1971
I       1454      1972
I        845      1973
I         49      1974
I       1146      1975
I       1911      1976
I       1705      1977
I       1910      1978
I       1936      1979
I        279      1980
I        997      1981
I       1621      1982
I       1176      1983
I        569      1984
I       1083      1985
I        377      1986
I       1769      1987
I        683      1988
I       1117      1989
I        335      1990
I       1314      1991
I       1090      1992
I       1946      1993
I        936      1994
I        312      1995
I         14      1996
I        186      1997
I       1434      1998
I       1238      1999
I       1902      2000
I        337      2001
I        856      2002
I        648      2003
I       1408      2004
I        698      2005
I       1963      2006
I        370      2007
I       1140      2008
I       2001      2009
I       1557      2010
I        670      2011
I        121      2012
I       1411      2013
I        891      2014
I        827      2015
I       1069      2016
I        662      2017
I       1248      2018
I       1972      2019
I       1783      2020
I        147      2021
I        947      2022
I        333      2023
I        902      2024
I       2015      2025
I        587      2026
I       1899      2027
I       1349      2028
I        288      2029
I        844      2030
I        406      2031
I        505      2032
I        837      2033
I        665      2034
I       1455      2035
I       1814      2036
I       1756      2037
I       1802      2038
I       1717      2039
I       1615      2040
I       1454      2041
I       1180      2042
I       1520      2043
I        748      2044
I        477      2045
I       1573      2046
I        319      2047
E
E
E
E
E
E
E
E
E
E
E
E
E
E
E
E
E
E
E
E
E
E
E
E
E
E
E
E
E
E
E
E
E
E
E
E
E
E
E
E
E
E
E
E
E
E
E
E
E
E
E
E
E
E
E
E
E
E
E
E
E
E
E
E
E
E
E
E
E
E
E
E
E
E
E
E
E
E
E
E
E
E
E
E
E
E
E
E
E
E
E
E
E
E
E
E
E
E
E
E
E
E
E
E
E
E
E
E
E
E
E
E
E
E
E
E
E
E
E
E
E
E
E
E
E
E
E
E
E
E
E
E
E
E
E
E
E
E
E
E
E
E
E
E
E
E
E
E
E
E
E
E
E
E
E
E
E
E
E
E
E
E
E
E
E
E
E
E
E
E
E
E
E
E
E
E
E
E
E
E
E
E
E
E
E
E
E
E
E
E
E
E
E
E
E
E
E
E
E
E
E
E
E
E
E
E
E
E
E
E
E
E
E
E
E
E
E
E
E
E
E
E
E
E
E
E
E
E
E
E
E
E
E
E
E
E
E
E
E
E
E
E
E
E
E
E
E
E
E
E
E
E
E
E
E
E
E
E
E
E
E
E
E
E
E
E
E
E
E
E
E
E
E
E
E
E
E
E
E
E
E
E
E
E
E
E
E
E
E
E
E
E
E
E
E
E
E
E
E
E
E
E
E
E
E
E
E
E
E
E
E
E
E
E
E
E
E
E
E
E
E
E
E
E
E
E
E
E
E
E
E
E
E
E
E
E
E
E
E
E
E
E
E
E
E
E
E
E
E
E
E
E
E
E
E
E
E
E
E
E
E
E
E
E
E
E
E
E
E
E
E
E
E
E
E
E
E
E
E
E
E
E
E
E
E
E
E
E
E
E
E
E
E
E
E
E
E
E
E
E
E
E
E
E
E
E
E
E
E
E
E
E
E
E
E
E
E
E
E
E
E
E
E
E
E
E
E
E
E
E
E
E
E
E
E
E
E
E
E
E
E
E
E
E
E
E
E
E
E
E
E
E
E
E
E
E
E
E
E
E
E
E
E
E
E
E
E
E
E
E
E
E
E
E
E
E
E
E
E
E
E
E
E
E
E
E
E
E
E
E
E
E
E
E
E
E
E
E
E
E
E
E
E
E
E
E
E
E
E
E
E
E
E
E
E
E
E
E
E
E
E
E
E
E
E
E
E
E
E
E
E
E
E
E
E
E
E
E
E
E
E
E
E
E
E
E
E
E
E
E
E
E
E
E
E
E
E
E
E
E
E
E
E
E
E
E
E
E
E
E
E
E
E
E
E
E
E
E
E
E
E
E
E
E
E
E
E
E
E
E
E
E
E
E
E
E
E
E
E
E
E
E
E
E
E
E
E
E
E
E
E
E
E
E
E
E
E
E
E
E
E
E
E
E
E
E
E
E
E
E
E
E
E
E
E
E
E
E
E
E
E
E
E
E
E
E
E
E
E
E
E
E
E
E
E
E
E
E
E
E
E
E
E
E
E
E
E
E
E
E
E
E
E
E
E
E
E
E
E
E
E
E
E
E
E
E
E
E
E
E
E
E
E
E
E
E
E
E
E
E
E
E
E
E
E
E
E
E
E
E
E
E
E
E
E
E
E
E
E
E
E
E
E
E
E
E
E
E
E
E
E
E
E
E
E
E
E
E
E
E
E
E
E
E
E
E
E
E
E
E
E
E
E
E
E
E
E
E
E
E
E
E
E
E
E
E
E
E
E
E
E
E
E
E
E
E
E
E
E
E
E
E
E
E
E
E
E
E
E
E
E
E
E
E
E
E
E
E
E
E
E
E
E
E
E
E
E
E
E
E
E
E
E
E
E
E
E
E
E
E
E
E
E
E
E
E
E
E
E
E
E
E
E
E
E
E
E
E
E
E
E
E
E
E
E
E
E
E
E
E
E
E
E
E
E
E
E
E
E
E
E
E
E
E
E
E
E
E
E
E
E
E
E
E
E
E
E
E
E
E
E
E
E
E
E
E
E
E
E
E
E
E
E
E
E
E
E
E
E
E
E
E
E
E
E
E
E
E
E
E
E
E
E
E
E
E
E
E
E
E
E
E
E
E
E
E
E
E
E
E
E
E
E
E
E
E
E
E
E
E
E
E
E
E
E
E
E
E
E
E
E
E
E
E
E
E
E
E
E
E
E
E
E
E
E
E
E
E
E
E
E
E
E
E
E
E
E
E
E
E
E
E
E
E
E
E
E
E
E
E
E
E
E
E
E
E
E
E
E
E
E
E
E
E
E
E
E
E
E
E
E
E
E
E
E
E
E
E
E
E
E
E
E
E
E
E
E
E
E
E
E
E
E
E
E
E
E
E
E
E
E
E
E
E
E
E
E
E
E
E
E
E
E
E
E
E
E
E
E
E
E
E
E
E
E
E
E
E
E
E
E
E
E
E
E
E
E
E
E
E
E
E
E
E
E
E
E
E
E
E
E
E
E
E
E
E
E
E
E
E
E
E
E
E
E
E
E
E
E
E
E
E
E
E
E
E
E
E
E
E
E
E
E
E
E
E
E
E
E
E
E
E
E
E
E
E
E
E
E
E
E
E
E
E
E
E
E
E
E
E
E
E
E
E
E
E
E
E
E
E
E
E
E
E
E
E
E
E
E
E
E
E
E
E
E
E
E
E
E
E
E
E
E
E
E
E
E
E
E
E
E
E
E
E
E
E
E
E
E
E
E
E
E
E
E
E
E
E
E
E
E
E
E
E
E
E
E
E
E
E
E
E
E
E
E
E
E
E
E
E
E
E
E
E
E
E
E
E
E
E
E
E
E
E
E
E
E
E
E
E
E
E
E
E
E
E
E
E
E
E
E
E
E
E
E
E
E
E
E
E
E
E
E
E
E
E
E
E
E
E
E
E
E
E
E
E
E
E
E
E
E
E
E
E
E
E
E
E
E
E
E
E
E
E
E
E
E
E
E
E
E
E
E
E
E
E
E
E
E
E
E
E
E
E
E
E
E
E
E
E
E
E
E
E
E
E
E
E
E
E
E
E
E
E
E
E
E
E
E
E
E
E
E
E
E
E
E
E
E
E
E
E
E
E
E
E
E
E
E
E
E
E
E
E
E
E
E
E
E
E
E
E
E
E
E
E
E
E
E
E
E
E
E
E
E
E
E
E
E
E
E
E
E
E
E
E
E
E
E
E
E
E
E
E
E
E
E
E
E
E
E
E
E
E
E
E
E
E
E
E
E
E
E
E
E
E
E
E
E
E
E
E
E
E
E
E
E
E
E
E
E
E
E
E
E
E
E
E
E
E
E
E
E
E
E
E
E
E
E
E
E
E
E
E
E
E
E
E
E
E
E
E
E
E
E
E
E
E
E
E
E
E
E
E
E
E
E
E
E
E
E
E
E
E
E
E
E
E
E
E
E
E
E
E
E
E
E
E
E
E
E
E
E
E
E
E
E
E
E
E
E
E
E
E
E
E
E
E
E
E
E
E
E
E
E
E
E
E
E
E
E
E
E
E
E
E
E
E
E
E
E
E
E
E
E
E
E
E
E
E
E
E
E
E
E
E
E
E
E
E
E
E
E
E
E
E
E
E
E
E
E
E
E
E
E
E
E
E
E
E
E
E
E
E
E
E
E
E
E
E
E
E
E
E
E
E
E
E
E
E
E
E
E
E
E
E
E
E
E
E
E
E
E
E
E
E
E
E
E
E
E
E
E
E
E
E
E
E
E
E
E
E
E
E
E
E
E
E
E
E
E
E
E
E
E
E
E
E
E
E
E
E
E
E
E
E
E
E
E
E
E
E
E
E
E
E
E
E
E
E
E
E
E
E
E
E
E
E
E
E
E
E
E
E
E
E
E
E
E
E
E
E
E
E
E
E
E
E
E
E
E
E
E
E
E
E
E
E
E
E
E
E
E
E
E
E
E
E
E
E
E
E
E
E
E
E
E
E
E
E
E
E
E
E
E
E
E
E
E
E
E
E
E
E
E
E
E
E
E
E
E
E
E
E
E
E
E
E
E
E
E
E
E
E
E
E
E
E
E
E
E
E
E
E
E
E
E
E
E
E
E
E
E
E
E
E
E
E
E
E
E
E
E
E
E
E
E
E
E
E
E
E
E
E
E
E
E
E
E
E
E
E
E
E
E
E
E
E
E
E
E
E
E
E
E
E
E
E
E
E
E
E
E
E
E
E
E
E
E
E
E
E
E
E
E
E
E
E
E
E
E
E
E
E
E
E
E
E
E
E
E
E
E
E
E
E
E
E
E
E
E
E
E
E
E
E
E
E
E
E
E
E
E
E
E
E
E
E
E
E
E
E
E
E
E
E
E
E
E
E
E
E
E
E
E
E
E
E
E
E
E
E
E
E
E
E
E
E
E
E
E
E
E
E
E
E
E
E
E
E
E
E
E
E
E
E
E
E
E
E
E
E
E
E
E
E
E
E
E
E
E
E
E
E
E
E
E
E
E
E
E
E
E
E
E
E
E
E
E
E
E
E
E
E
E
E
E
E
E
E
E
E
E
E
E
E
E
E
E
E
E
E
E
E
E
E
E
E
E
E
E
E
E
E
E
E
E
E
E
E
E
E
E
E
E
E
E
E
E
E
E
E
E
E
E
E
E
E
