batch_then_drain 1024 23
I        103         0
I        402         1
I        225         2
I        633         3
I        854         4
I        422         5
I        438         6
I          3         7
I        773         8
I        906         9
I       1021        10
I        907        11
I          1        12
I        308        13
I       1000        14
I        604        15
I        430        16
I       1002        17
I        698        18
I        866        19
I        771        20
I         67        21
I        593        22
I        302        23
I        405        24
I        295        25
I        492        26
I        843        27
I        401        28
I        642        29
I        684        30
I        114        31
I        775        32
I          1        33
I        854        34
I        965        35
I        177        36
I        145        37
I        218        38
I        432        39
I        896        40
I        355        41
I        444        42
I        891        43
I        898        44
I        439        45
I        482        46
I        849        47
I        310        48
I        736        49
I        786        50
I        123        51
I         11        52
I        611        53
I        693        54
I        133        55
I        484        56
I         80        57
I        650        58
I        852        59
I        943        60
I        476        61
I        135        62
I        166        63
I        860        64
I        562        65
I        722        66
I        603        67
I        992        68
I        793        69
I        926        70
I        672        71
I        300        72
I        572        73
I        151        74
I        183        75
I        145        76
I        247        77
I        978        78
I        519        79
I          1        80
I        407        81
I        298        82
I        495        83
I        501        84
I        979        85
I         31        86
I        924        87
I        900        88
I        518        89
I        114        90
I        841        91
I        722        92
I        848        93
I         28        94
I        238        95
I        195        96
I         81        97
I        790        98
I        477        99
I        798       100
I        901       101
I        995       102
I        152       103
I        423       104
I        237       105
I        815       106
I        940       107
I        480       108
I        133       109
I        454       110
I        939       111
I        387       112
I        241       113
I        844       114
I        631       115
I        579       116
I        975       117
I        144       118
I        262       119
I        990       120
I        462       121
I         32       122
I        996       123
I        951       124
I        246       125
I        535       126
I        204       127
I         45       128
I        705       129
I        713       130
I        866       131
I        254       132
I        465       133
I       1013       134
I        104       135
I        803       136
I        638       137
I        509       138
I         86       139
I        603       140
I         55       141
I        432       142
I        354       143
I        397       144
I        928       145
I        501       146
I        818       147
I        421       148
I        394       149
I        300       150
I         95       151
I        662       152
I        130       153
I        893       154
I        548       155
I        959       156
I        520       157
I        754       158
I        516       159
I        300       160
I        130       161
I        801       162
I        811       163
I        328       164
I        611       165
I        103       166
I        776       167
I        565       168
I        471       169
I        756       170
I         77       171
I        313       172
I        617       173
I        510       174
I        447       175
I        872       176
I          7       177
I        777       178
I         48       179
I        339       180
I        429       181
I        560       182
I        900       183
I        683       184
I        444       185
I       1004       186
I        659       187
I        479       188
I        582       189
I        590       190
I        246       191
I        136       192
I        303       193
I        274       194
I          6       195
I        867       196
I        132       197
I        250       198
I        542       199
I        514       200
I        664       201
I        211       202
I        149       203
I        277       204
I        708       205
I        720       206
I        621       207
I        613       208
I        987       209
I        212       210
I        864       211
I        898       212
I        531       213
I        211       214
I        618       215
I        223       216
I         88       217
I         26       218
I        978       219
I         29       220
I        917       221
I        508       222
I        572       223
I        417       224
I        289       225
I         59       226
I        655       227
I        848       228
I        428       229
I         44       230
I        643       231
I         47       232
I        406       233
I        373       234
I        310       235
I        145       236
I        408       237
I        424       238
I        871       239
I        711       240
I        859       241
I        168       242
I        293       243
I        313       244
I        347       245
I        109       246
I        496       247
I       1013       248
I        394       249
I        150       250
I        337       251
I        107       252
I        542       253
I        131       254
I        100       255
I        803       256
I         24       257
I        169       258
I        195       259
I         22       260
I        986       261
I        320       262
I        780       263
I          2       264
I        534       265
I         47       266
I        126       267
I        207       268
I       1023       269
I        561       270
I        910       271
I        910       272
I        983       273
I         78       274
I        579       275
I        813       276
I        306       277
I        824       278
I        190       279
I        642       280
I        800       281
I        787       282
I        159       283
I        630       284
I        616       285
I        789       286
I        756       287
I        241       288
I        580       289
I        716       290
I        814       291
I        687       292
I        950       293
I        786       294
I         83       295
I        507       296
I        120       297
I        305       298
I        117       299
I        380       300
I        295       301
I        527       302
I        565       303
I        929       304
I        456       305
I        805       306
I        461       307
I        783       308
I        706       309
I        841       310
I        153       311
I        736       312
I        123       313
I        729       314
I        145       315
I        420       316
I        865       317
I        710       318
I        381       319
I        453       320
I        627       321
I        530       322
I        933       323
I        482       324
I        188       325
I        106       326
I         52       327
I        298       328
I        270       329
I        965       330
I        390       331
I        189       332
I        549       333
I        341       334
I        211       335
I        659       336
I        776       337
I        702       338
I        633       339
I        942       340
I        798       341
I       1014       342
I        199       343
I        221       344
I        252       345
I        633       346
I        656       347
I        205       348
I        410       349
I        832       350
I        986       351
I        349       352
I        782       353
I         35       354
I        175       355
I        605       356
I        123       357
I        988       358
I        339       359
I        485       360
I        818       361
I        860       362
I        620       363
I        209       364
I        223       365
I        155       366
I         30       367
I        501       368
I        526       369
I       1007       370
I        963       371
I        861       372
I        591       373
I         30       374
I        977       375
I        458       376
I        493       377
I        395       378
I       1015       379
I        993       380
I        506       381
I        204       382
I        848       383
I        842       384
I        283       385
I        367       386
I         70       387
I         10       388
I        739       389
I        850       390
I        125       391
I        433       392
I        829       393
I        109       394
I        958       395
I        271       396
I        351       397
I        189       398
I        321       399
I        233       400
I        615       401
I        760       402
I        712       403
I        981       404
I         47       405
I        859       406
I        642       407
I        496       408
I        180       409
I        149       410
I         83       411
I        670       412
I        322       413
I        634       414
I        425       415
I        954       416
I        405       417
I        575       418
I        741       419
I         42       420
I        524       421
I        148       422
I        352       423
I        498       424
I        481       425
I       1010       426
I        560       427
I        207       428
I        855       429
I        677       430
I        357       431
I         16       432
I        802       433
I         42       434
I        667       435
I        391       436
I        894       437
I        956       438
I        421       439
I        254       440
I        189       441
I        774       442
I         96       443
I        460       444
I        571       445
I        683       446
I       1001       447
I        416       448
I        303       449
I        756       450
I        403       451
I        220       452
I        839       453
I        220       454
I        404       455
I        659       456
I        913       457
I        566       458
I         31       459
I        282       460
I        922       461
I         93       462
I        299       463
I        536       464
I       1005       465
I        960       466
I        792       467
I        929       468
I        832       469
I        113       470
I        487       471
I        984       472
I        310       473
I        504       474
I        332       475
I         98       476
I        908       477
I        715       478
I        440       479
I        717       480
I          4       481
I        814       482
I        634       483
I        600       484
I        654       485
I         75       486
I        617       487
I        753       488
I         87       489
I        512       490
I        194       491
I        575       492
I        792       493
I         95       494
I        605       495
I       1016       496
I        703       497
I        896       498
I         75       499
I        277       500
I        575       501
I        864       502
I        265       503
I        871       504
I        227       505
I       1022       506
I        118       507
I        735       508
I        102       509
I        769       510
I        250       511
I        865       512
I        764       513
I        243       514
I        609       515
I        109       516
I        550       517
I        214       518
I        385       519
I        819       520
I        241       521
I        422       522
I        605       523
I        531       524
I        862       525
I       1016       526
I        489       527
I        571       528
I         86       529
I        738       530
I        956       531
I        214       532
I        498       533
I        476       534
I        129       535
I        825       536
I        860       537
I        689       538
I        392       539
I        789       540
I        112       541
I        976       542
I        979       543
I         11       544
I        352       545
I        861       546
I        220       547
I        394       548
I        470       549
I        701       550
I         26       551
I        458       552
I        252       553
I        729       554
I        669       555
I        793       556
I        346       557
I        592       558
I         23       559
I        436       560
I        279       561
I        659       562
I        985       563
I        975       564
I        730       565
I        896       566
I        628       567
I         85       568
I         44       569
I        672       570
I       1003       571
I        245       572
I        561       573
I        681       574
I        525       575
I        968       576
I        831       577
I        589       578
I        734       579
I        266       580
I        851       581
I        407       582
I        151       583
I        543       584
I        605       585
I         63       586
I        868       587
I        496       588
I        351       589
I        811       590
I        149       591
I        178       592
I        189       593
I        135       594
I        168       595
I        134       596
I        436       597
I        412       598
I        621       599
I        386       600
I         97       601
I         36       602
I         28       603
I        744       604
I         91       605
I        770       606
I        279       607
I        934       608
I        351       609
I         86       610
I        796       611
I       1024       612
I        762       613
I        214       614
I        113       615
I        467       616
I        490       617
I        664       618
I        664       619
I       1008       620
I        863       621
I        612       622
I        398       623
I         94       624
I        323       625
I        634       626
I        427       627
I        145       628
I        453       629
I        450       630
I        632       631
I        560       632
I       1021       633
I        434       634
I        668       635
I        209       636
I        651       637
I        682       638
I        548       639
I        902       640
I        365       641
I        603       642
I        876       643
I        348       644
I        168       645
I        716       646
I        785       647
I        899       648
I        777       649
I        264       650
I         51       651
I        299       652
I        467       653
I        448       654
I        731       655
I        895       656
I        585       657
I        492       658
I        370       659
I       1010       660
I        280       661
I        169       662
I         51       663
I        200       664
I         89       665
I        223       666
I       1020       667
I        279       668
I        646       669
I        544       670
I        814       671
I        345       672
I         17       673
I         42       674
I        123       675
I        998       676
I        405       677
I        888       678
I        865       679
I        785       680
I        306       681
I         97       682
I        199       683
I        625       684
I        893       685
I        573       686
I        916       687
I        384       688
I       1003       689
I        317       690
I         86       691
I       1021       692
I        459       693
I        449       694
I        233       695
I         86       696
I        824       697
I        121       698
I        358       699
I        622       700
I        225       701
I        994       702
I        828       703
I         31       704
I        489       705
I        847       706
I         53       707
I        502       708
I        389       709
I        982       710
I        501       711
I        481       712
I        694       713
I        300       714
I        306       715
I        674       716
I         16       717
I        261       718
I        614       719
I        447       720
I        840       721
I        777       722
I        216       723
I         22       724
I        649       725
I        504       726
I        750       727
I        248       728
I        991       729
I        539       730
I         90       731
I        121       732
I        700       733
I        308       734
I        583       735
I        450       736
I        174       737
I        920       738
I        475       739
I        704       740
I         13       741
I         86       742
I         24       743
I        388       744
I         20       745
I         23       746
I        412       747
I        135       748
I        549       749
I        502       750
I        269       751
I        215       752
I        532       753
I        471       754
I        490       755
I        871       756
I        300       757
I        748       758
I        415       759
I        322       760
I        486       761
I        380       762
I        448       763
I        161       764
I         17       765
I        858       766
I        723       767
I        607       768
I        778       769
I        601       770
I        279       771
I        382       772
I        477       773
I        609       774
I        742       775
I        953       776
I         85       777
I        157       778
I        870       779
I        353       780
I        738       781
I        230       782
I       1015       783
I        137       784
I        457       785
I        915       786
I        260       787
I        541       788
I        165       789
I        489       790
I        892       791
I        326       792
I        705       793
I        129       794
I        390       795
I        516       796
I        234       797
I        246       798
I        801       799
I        299       800
I        999       801
I        624       802
I        902       803
I        615       804
I        260       805
I        928       806
I        643       807
I        921       808
I        507       809
I        958       810
I         75       811
I        483       812
I        559       813
I        471       814
I        893       815
I        167       816
I         31       817
I        432       818
I         91       819
I       1000       820
I        323       821
I        288       822
I          8       823
I        691       824
I        190       825
I        393       826
I        896       827
I        133       828
I        192       829
I        461       830
I        654       831
I        920       832
I        662       833
I        786       834
I        188       835
I        233       836
I        661       837
I        956       838
I        144       839
I        940       840
I        694       841
I        677       842
I        963       843
I        496       844
I        324       845
I        226       846
I         81       847
I        793       848
I         85       849
I        393       850
I        699       851
I        104       852
I        503       853
I        252       854
I         23       855
I        708       856
I        469       857
I         99       858
I        904       859
I        652       860
I        375       861
I        528       862
I        440       863
I        741       864
I        289       865
I        111       866
I        407       867
I        291       868
I        184       869
I        233       870
I         94       871
I        200       872
I        956       873
I        620       874
I        466       875
I        882       876
I        309       877
I        574       878
I        234       879
I       1016       880
I        747       881
I         33       882
I        277       883
I        557       884
I        768       885
I        520       886
I        198       887
I        104       888
I        433       889
I        393       890
I        825       891
I         54       892
I        879       893
I        226       894
I        956       895
I        372       896
I        510       897
I        291       898
I        733       899
I        296       900
I        430       901
I        538       902
I        100       903
I        288       904
I        526       905
I        855       906
I        316       907
I        521       908
I         68       909
I        540       910
I        355       911
I        438       912
I        338       913
I        783       914
I        584       915
I        187       916
I        789       917
I        285       918
I        625       919
I        187       920
I        556       921
I        662       922
I        169       923
I        164       924
I        110       925
I        702       926
I        196       927
I       1003       928
I        743       929
I        880       930
I        249       931
I         90       932
I        788       933
I        123       934
I        676       935
I        923       936
I        813       937
I        398       938
I        322       939
I        653       940
I        760       941
I       1013       942
I        551       943
I        937       944
I        286       945
I        623       946
I        538       947
I        212       948
I        960       949
I       1007       950
I        826       951
I        276       952
I         50       953
I        358       954
I        138       955
I        348       956
I         15       957
I         55       958
I        186       959
I        974       960
I        168       961
I        878       962
I        866       963
I        233       964
I        229       965
I        688       966
I        447       967
I        673       968
I        217       969
I        738       970
I        470       971
I        499       972
I        983       973
I        695       974
I        815       975
I        490       976
I          9       977
I         63       978
I        957       979
I       1017       980
I        160       981
I        870       982
I        218       983
I         89       984
I        171       985
I        959       986
I        901       987
I        413       988
I        717       989
I        250       990
I        587       991
I        465       992
I        457       993
I        551       994
I        367       995
I        178       996
I        989       997
I        103       998
I        333       999
I        921      1000
I        259      1001
I        105      1002
I        707      1003
I        905      1004
I        912      1005
I        687      1006
I        440      1007
I        508      1008
I        375      1009
I         49      1010
I        153      1011
I        634      1012
I        416      1013
I        470      1014
I        610      1015
I        240      1016
I        677      1017
I        427      1018
I        265      1019
I        509      1020
I         47      1021
I       1007      1022
I        290      1023
E
E
E
E
E
E
E
E
E
E
E
E
E
E
E
E
E
E
E
E
E
E
E
E
E
E
E
E
E
E
E
E
E
E
E
E
E
E
E
E
E
E
E
E
E
E
E
E
E
E
E
E
E
E
E
E
E
E
E
E
E
E
E
E
E
E
E
E
E
E
E
E
E
E
E
E
E
E
E
E
E
E
E
E
E
E
E
E
E
E
E
E
E
E
E
E
E
E
E
E
E
E
E
E
E
E
E
E
E
E
E
E
E
E
E
E
E
E
E
E
E
E
E
E
E
E
E
E
E
E
E
E
E
E
E
E
E
E
E
E
E
E
E
E
E
E
E
E
E
E
E
E
E
E
E
E
E
E
E
E
E
E
E
E
E
E
E
E
E
E
E
E
E
E
E
E
E
E
E
E
E
E
E
E
E
E
E
E
E
E
E
E
E
E
E
E
E
E
E
E
E
E
E
E
E
E
E
E
E
E
E
E
E
E
E
E
E
E
E
E
E
E
E
E
E
E
E
E
E
E
E
E
E
E
E
E
E
E
E
E
E
E
E
E
E
E
E
E
E
E
E
E
E
E
E
E
E
E
E
E
E
E
E
E
E
E
E
E
E
E
E
E
E
E
E
E
E
E
E
E
E
E
E
E
E
E
E
E
E
E
E
E
E
E
E
E
E
E
E
E
E
E
E
E
E
E
E
E
E
E
E
E
E
E
E
E
E
E
E
E
E
E
E
E
E
E
E
E
E
E
E
E
E
E
E
E
E
E
E
E
E
E
E
E
E
E
E
E
E
E
E
E
E
E
E
E
E
E
E
E
E
E
E
E
E
E
E
E
E
E
E
E
E
E
E
E
E
E
E
E
E
E
E
E
E
E
E
E
E
E
E
E
E
E
E
E
E
E
E
E
E
E
E
E
E
E
E
E
E
E
E
E
E
E
E
E
E
E
E
E
E
E
E
E
E
E
E
E
E
E
E
E
E
E
E
E
E
E
E
E
E
E
E
E
E
E
E
E
E
E
E
E
E
E
E
E
E
E
E
E
E
E
E
E
E
E
E
E
E
E
E
E
E
E
E
E
E
E
E
E
E
E
E
E
E
E
E
E
E
E
E
E
E
E
E
E
E
E
E
E
E
E
E
E
E
E
E
E
E
E
E
E
E
E
E
E
E
E
E
E
E
E
E
E
E
E
E
E
E
E
E
E
E
E
E
E
E
E
E
E
E
E
E
E
E
E
E
E
E
E
E
E
E
E
E
E
E
E
E
E
E
E
E
E
E
E
E
E
E
E
E
E
E
E
E
E
E
E
E
E
E
E
E
E
E
E
E
E
E
E
E
E
E
E
E
E
E
E
E
E
E
E
E
E
E
E
E
E
E
E
E
E
E
E
E
E
E
E
E
E
E
E
E
E
E
E
E
E
E
E
E
E
E
E
E
E
E
E
E
E
E
E
E
E
E
E
E
E
E
E
E
E
E
E
E
E
E
E
E
E
E
E
E
E
E
E
E
E
E
E
E
E
E
E
E
E
E
E
E
E
E
E
E
E
E
E
E
E
E
E
E
E
E
E
E
E
E
E
E
E
E
E
E
E
E
E
E
E
E
E
E
E
E
E
E
E
E
E
E
E
E
E
E
E
E
E
E
E
E
E
E
E
E
E
E
E
E
E
E
E
E
E
E
E
E
E
E
E
E
E
E
E
E
E
E
E
E
E
E
E
E
E
E
E
E
E
E
E
E
E
E
E
E
E
E
E
E
E
E
E
E
E
E
E
E
E
E
E
E
E
E
E
E
E
E
E
E
E
E
E
E
E
E
E
E
E
E
E
E
E
E
E
E
E
E
E
E
E
E
E
E
E
E
E
E
E
E
E
E
E
E
E
E
E
E
E
E
E
E
E
E
E
E
E
E
E
E
E
E
E
E
E
E
E
E
E
E
E
E
E
E
E
E
E
E
E
E
E
E
E
E
E
E
E
E
E
E
E
E
E
E
E
E
E
E
E
E
E
E
E
E
E
E
E
E
E
E
E
E
E
E
E
E
E
E
E
E
E
E
E
E
E
E
E
E
E
E
E
E
E
E
E
E
E
E
E
E
E
E
E
E
E
E
E
E
E
E
E
E
E
E
E
E
E
E
E
E
E
E
E
E
E
E
E
E
E
E
E
E
E
E
E
E
E
E
E
E
E
E
E
E
E
E
E
E
E
E
E
E
E
E
E
E
E
E
E
E
E
E
E
E
E
E
E
E
E
E
E
E
E
E
E
E
E
E
E
E
E
E
E
E
E
E
E
E
E
E
E
E
E
E
E
E
E
